// Jest Snapshot v1, https://goo.gl/fbAQLP

exports[`Release component renders Release 1`] = `
<Fragment>
  <img
    src="http://coverartarchive.org/release/undefined/front"
  />
  <ul>
    <li
      key="1234"
    >
      Help
    </li>
    <li
      key="1235"
    >
      Halp
    </li>
  </ul>
</Fragment>
`;
