// Jest Snapshot v1, https://goo.gl/fbAQLP

exports[`Release component renders Release 1`] = `
<Fragment>
  <img
    src="http://coverartarchive.org/release/false/front"
  />
  <ul>
    <li
      key="1234"
    >
      <span>
        Help
      </span>
    </li>
    <li
      key="1235"
    >
      <span>
        Halp
      </span>
    </li>
  </ul>
</Fragment>
`;
